2026-09-10 12:28:43,332 [INFO] surakshanet.sumo_bridge: Initialized robust redis-py client connecting to 127.0.0.1:6379
2026-09-10 12:28:43,333 [INFO] surakshanet.sumo_bridge: Starting SUMO with command: sumo -c /home/alok/surakshanet/simulation/networks/corridor.sumocfg --start --quit-on-end --delay 50 --step-length 1.0 --seed 42 --random false
2026-09-10 12:28:44,385 [INFO] surakshanet.sumo_bridge: ✅ Connected to SUMO TraCI! Live telemetry bridge running...
2026-09-10 12:28:44,385 [INFO] surakshanet.sumo_bridge: Connecting to Redis command bus at 127.0.0.1:6379...
2026-09-10 12:28:44,385 [INFO] surakshanet.sumo_bridge: ✅ Redis Command Bus: Subscribed to emergency_events & signal_events
2026-09-10 12:28:44,617 [INFO] surakshanet.sumo_bridge: [Step 5] Vehicles: 13 | Avg Speed: 13.5 km/h | Queue: 4 | LOS: D (Approaching Capacity)
2026-09-10 12:28:44,897 [INFO] surakshanet.sumo_bridge: [Step 10] Vehicles: 22 | Avg Speed: 24.1 km/h | Queue: 3 | LOS: C (Fair Flow)
2026-09-10 12:28:45,176 [INFO] surakshanet.sumo_bridge: [Step 15] Vehicles: 31 | Avg Speed: 21.9 km/h | Queue: 7 | LOS: C (Fair Flow)
2026-09-10 12:28:45,482 [INFO] surakshanet.sumo_bridge: [Step 20] Vehicles: 44 | Avg Speed: 18.2 km/h | Queue: 17 | LOS: C (Fair Flow)
2026-09-10 12:28:45,765 [INFO] surakshanet.sumo_bridge: [Step 25] Vehicles: 54 | Avg Speed: 18.7 km/h | Queue: 23 | LOS: C (Fair Flow)
2026-09-10 12:28:46,050 [INFO] surakshanet.sumo_bridge: [Step 30] Vehicles: 64 | Avg Speed: 16.5 km/h | Queue: 34 | LOS: D (Approaching Capacity)
2026-09-10 12:28:46,339 [INFO] surakshanet.sumo_bridge: [Step 35] Vehicles: 74 | Avg Speed: 15.1 km/h | Queue: 44 | LOS: D (Approaching Capacity)
2026-09-10 12:28:46,632 [INFO] surakshanet.sumo_bridge: [Step 40] Vehicles: 87 | Avg Speed: 15.1 km/h | Queue: 50 | LOS: D (Approaching Capacity)
2026-09-10 12:28:46,926 [INFO] surakshanet.sumo_bridge: [Step 45] Vehicles: 98 | Avg Speed: 13.5 km/h | Queue: 58 | LOS: D (Approaching Capacity)
2026-09-10 12:30:33,169 [INFO] surakshanet.sumo_bridge: Initialized robust redis-py client connecting to 127.0.0.1:6379
2026-09-10 12:30:33,170 [INFO] surakshanet.sumo_bridge: Starting SUMO with command: sumo -c /home/alok/surakshanet/simulation/networks/corridor.sumocfg --start --quit-on-end --delay 50 --step-length 1.0 --seed 42 --random false
2026-09-10 12:30:34,219 [INFO] surakshanet.sumo_bridge: ✅ Connected to SUMO TraCI! Live telemetry bridge running...
2026-09-10 12:30:34,220 [INFO] surakshanet.sumo_bridge: Connecting to Redis command bus at 127.0.0.1:6379...
2026-09-10 12:30:34,220 [INFO] surakshanet.sumo_bridge: ✅ Redis Command Bus: Subscribed to emergency_events & signal_events
2026-09-10 12:30:34,448 [INFO] surakshanet.sumo_bridge: [Step 5] Vehicles: 13 | Avg Speed: 13.5 km/h | Queue: 4 | LOS: D (Approaching Capacity)
2026-09-10 12:30:34,731 [INFO] surakshanet.sumo_bridge: [Step 10] Vehicles: 22 | Avg Speed: 24.1 km/h | Queue: 3 | LOS: C (Fair Flow)
2026-09-10 12:30:35,011 [INFO] surakshanet.sumo_bridge: [Step 15] Vehicles: 31 | Avg Speed: 21.9 km/h | Queue: 7 | LOS: C (Fair Flow)
2026-09-10 12:30:35,303 [INFO] surakshanet.sumo_bridge: [Step 20] Vehicles: 44 | Avg Speed: 18.2 km/h | Queue: 17 | LOS: C (Fair Flow)
2026-09-10 12:30:35,589 [INFO] surakshanet.sumo_bridge: [Step 25] Vehicles: 54 | Avg Speed: 18.7 km/h | Queue: 23 | LOS: C (Fair Flow)
2026-09-10 12:30:35,876 [INFO] surakshanet.sumo_bridge: [Step 30] Vehicles: 64 | Avg Speed: 16.5 km/h | Queue: 34 | LOS: D (Approaching Capacity)
2026-09-10 12:30:36,165 [INFO] surakshanet.sumo_bridge: [Step 35] Vehicles: 74 | Avg Speed: 15.1 km/h | Queue: 44 | LOS: D (Approaching Capacity)
2026-09-10 12:30:36,453 [INFO] surakshanet.sumo_bridge: [Step 40] Vehicles: 87 | Avg Speed: 15.1 km/h | Queue: 50 | LOS: D (Approaching Capacity)
2026-09-10 12:30:36,745 [INFO] surakshanet.sumo_bridge: [Step 45] Vehicles: 98 | Avg Speed: 13.5 km/h | Queue: 58 | LOS: D (Approaching Capacity)
2026-09-10 12:30:37,041 [INFO] surakshanet.sumo_bridge: [Step 50] Vehicles: 106 | Avg Speed: 16.0 km/h | Queue: 45 | LOS: D (Approaching Capacity)
2026-09-10 12:30:37,339 [INFO] surakshanet.sumo_bridge: [Step 55] Vehicles: 115 | Avg Speed: 22.9 km/h | Queue: 35 | LOS: C (Fair Flow)
2026-09-10 12:30:37,637 [INFO] surakshanet.sumo_bridge: [Step 60] Vehicles: 109 | Avg Speed: 25.1 km/h | Queue: 28 | LOS: C (Fair Flow)
2026-09-10 12:30:37,934 [INFO] surakshanet.sumo_bridge: [Step 65] Vehicles: 97 | Avg Speed: 23.0 km/h | Queue: 36 | LOS: C (Fair Flow)
2026-09-10 12:30:38,234 [INFO] surakshanet.sumo_bridge: [Step 70] Vehicles: 92 | Avg Speed: 18.7 km/h | Queue: 42 | LOS: C (Fair Flow)
2026-09-10 12:30:38,535 [INFO] surakshanet.sumo_bridge: [Step 75] Vehicles: 82 | Avg Speed: 14.6 km/h | Queue: 48 | LOS: D (Approaching Capacity)
2026-09-10 12:30:38,833 [INFO] surakshanet.sumo_bridge: [Step 80] Vehicles: 80 | Avg Speed: 11.7 km/h | Queue: 52 | LOS: F (Forced Breakdown)
2026-09-10 12:30:39,128 [INFO] surakshanet.sumo_bridge: [Step 85] Vehicles: 87 | Avg Speed: 12.2 km/h | Queue: 55 | LOS: D (Approaching Capacity)
2026-09-10 12:30:39,423 [INFO] surakshanet.sumo_bridge: [Step 90] Vehicles: 95 | Avg Speed: 11.1 km/h | Queue: 63 | LOS: F (Forced Breakdown)
2026-09-10 12:30:39,719 [INFO] surakshanet.sumo_bridge: [Step 95] Vehicles: 102 | Avg Speed: 14.5 km/h | Queue: 40 | LOS: D (Approaching Capacity)
2026-09-10 12:30:40,015 [INFO] surakshanet.sumo_bridge: [Step 100] Vehicles: 109 | Avg Speed: 20.4 km/h | Queue: 38 | LOS: C (Fair Flow)
2026-09-10 12:30:40,319 [INFO] surakshanet.sumo_bridge: [Step 105] Vehicles: 118 | Avg Speed: 24.5 km/h | Queue: 34 | LOS: C (Fair Flow)
2026-09-10 12:30:40,621 [INFO] surakshanet.sumo_bridge: [Step 110] Vehicles: 129 | Avg Speed: 25.0 km/h | Queue: 43 | LOS: C (Fair Flow)
2026-09-10 12:30:40,925 [INFO] surakshanet.sumo_bridge: [Step 115] Vehicles: 141 | Avg Speed: 24.2 km/h | Queue: 55 | LOS: C (Fair Flow)
2026-09-10 12:33:52,267 [INFO] surakshanet.sumo_bridge: Initialized robust redis-py client connecting to 127.0.0.1:6379
2026-09-10 12:33:52,267 [INFO] surakshanet.sumo_bridge: Starting SUMO with command: sumo -c /home/alok/surakshanet/simulation/networks/corridor.sumocfg --start --quit-on-end --delay 50 --step-length 1.0 --seed 42 --random false
2026-09-10 12:33:53,319 [INFO] surakshanet.sumo_bridge: ✅ Connected to SUMO TraCI! Live telemetry bridge running...
2026-09-10 12:33:53,320 [INFO] surakshanet.sumo_bridge: Connecting to Redis command bus at 127.0.0.1:6379...
2026-09-10 12:33:53,320 [INFO] surakshanet.sumo_bridge: ✅ Redis Command Bus: Subscribed to emergency_events & signal_events
2026-09-10 12:33:53,549 [INFO] surakshanet.sumo_bridge: [Step 5] Vehicles: 13 | Avg Speed: 13.5 km/h | Queue: 4 | LOS: D (Approaching Capacity)
2026-09-10 12:33:53,827 [INFO] surakshanet.sumo_bridge: [Step 10] Vehicles: 22 | Avg Speed: 24.1 km/h | Queue: 3 | LOS: C (Fair Flow)
2026-09-10 12:33:54,107 [INFO] surakshanet.sumo_bridge: [Step 15] Vehicles: 31 | Avg Speed: 21.9 km/h | Queue: 7 | LOS: C (Fair Flow)
2026-09-10 12:33:54,405 [INFO] surakshanet.sumo_bridge: [Step 20] Vehicles: 44 | Avg Speed: 18.2 km/h | Queue: 17 | LOS: C (Fair Flow)
2026-09-10 12:33:54,689 [INFO] surakshanet.sumo_bridge: [Step 25] Vehicles: 54 | Avg Speed: 18.7 km/h | Queue: 23 | LOS: C (Fair Flow)
2026-09-10 12:33:54,984 [INFO] surakshanet.sumo_bridge: [Step 30] Vehicles: 64 | Avg Speed: 16.5 km/h | Queue: 34 | LOS: D (Approaching Capacity)
2026-09-10 12:33:55,274 [INFO] surakshanet.sumo_bridge: [Step 35] Vehicles: 74 | Avg Speed: 15.1 km/h | Queue: 44 | LOS: D (Approaching Capacity)
2026-09-10 12:33:55,565 [INFO] surakshanet.sumo_bridge: [Step 40] Vehicles: 87 | Avg Speed: 15.1 km/h | Queue: 50 | LOS: D (Approaching Capacity)
2026-09-10 12:33:55,859 [INFO] surakshanet.sumo_bridge: [Step 45] Vehicles: 98 | Avg Speed: 13.5 km/h | Queue: 58 | LOS: D (Approaching Capacity)
2026-09-10 12:33:56,157 [INFO] surakshanet.sumo_bridge: [Step 50] Vehicles: 106 | Avg Speed: 16.0 km/h | Queue: 45 | LOS: D (Approaching Capacity)
2026-09-10 12:33:56,456 [INFO] surakshanet.sumo_bridge: [Step 55] Vehicles: 115 | Avg Speed: 22.9 km/h | Queue: 35 | LOS: C (Fair Flow)
2026-09-10 12:33:56,757 [INFO] surakshanet.sumo_bridge: [Step 60] Vehicles: 109 | Avg Speed: 25.1 km/h | Queue: 28 | LOS: C (Fair Flow)
2026-09-10 12:33:57,061 [INFO] surakshanet.sumo_bridge: [Step 65] Vehicles: 97 | Avg Speed: 23.0 km/h | Queue: 36 | LOS: C (Fair Flow)
2026-09-10 12:33:57,356 [INFO] surakshanet.sumo_bridge: [Step 70] Vehicles: 92 | Avg Speed: 18.7 km/h | Queue: 42 | LOS: C (Fair Flow)
2026-09-10 12:33:57,649 [INFO] surakshanet.sumo_bridge: [Step 75] Vehicles: 82 | Avg Speed: 14.6 km/h | Queue: 48 | LOS: D (Approaching Capacity)
2026-09-10 12:33:57,952 [INFO] surakshanet.sumo_bridge: [Step 80] Vehicles: 80 | Avg Speed: 11.7 km/h | Queue: 52 | LOS: F (Forced Breakdown)
2026-09-10 12:33:58,246 [INFO] surakshanet.sumo_bridge: [Step 85] Vehicles: 87 | Avg Speed: 12.2 km/h | Queue: 55 | LOS: D (Approaching Capacity)
2026-09-10 12:33:58,540 [INFO] surakshanet.sumo_bridge: [Step 90] Vehicles: 95 | Avg Speed: 11.1 km/h | Queue: 63 | LOS: F (Forced Breakdown)
2026-09-10 12:33:58,835 [INFO] surakshanet.sumo_bridge: [Step 95] Vehicles: 102 | Avg Speed: 14.5 km/h | Queue: 40 | LOS: D (Approaching Capacity)
2026-09-10 12:33:59,133 [INFO] surakshanet.sumo_bridge: [Step 100] Vehicles: 109 | Avg Speed: 20.4 km/h | Queue: 38 | LOS: C (Fair Flow)
2026-09-10 12:33:59,431 [INFO] surakshanet.sumo_bridge: [Step 105] Vehicles: 118 | Avg Speed: 24.5 km/h | Queue: 34 | LOS: C (Fair Flow)
2026-09-10 12:33:59,731 [INFO] surakshanet.sumo_bridge: [Step 110] Vehicles: 129 | Avg Speed: 25.0 km/h | Queue: 43 | LOS: C (Fair Flow)
2026-09-10 12:34:00,033 [INFO] surakshanet.sumo_bridge: [Step 115] Vehicles: 141 | Avg Speed: 24.2 km/h | Queue: 55 | LOS: C (Fair Flow)
2026-09-10 12:34:21,496 [INFO] surakshanet.sumo_bridge: Initialized robust redis-py client connecting to 127.0.0.1:6379
2026-09-10 12:34:21,496 [INFO] surakshanet.sumo_bridge: Starting SUMO with command: sumo -c /home/alok/surakshanet/simulation/networks/corridor.sumocfg --start --quit-on-end --delay 50 --step-length 1.0 --seed 42 --random false
2026-09-10 12:34:22,547 [INFO] surakshanet.sumo_bridge: ✅ Connected to SUMO TraCI! Live telemetry bridge running...
2026-09-10 12:34:22,547 [INFO] surakshanet.sumo_bridge: Connecting to Redis command bus at 127.0.0.1:6379...
2026-09-10 12:34:22,548 [INFO] surakshanet.sumo_bridge: ✅ Redis Command Bus: Subscribed to emergency_events & signal_events
2026-09-10 12:34:22,775 [INFO] surakshanet.sumo_bridge: [Step 5] Vehicles: 13 | Avg Speed: 13.5 km/h | Queue: 4 | LOS: D (Approaching Capacity)
2026-09-10 12:34:23,055 [INFO] surakshanet.sumo_bridge: [Step 10] Vehicles: 22 | Avg Speed: 24.1 km/h | Queue: 3 | LOS: C (Fair Flow)
2026-09-10 12:34:23,337 [INFO] surakshanet.sumo_bridge: [Step 15] Vehicles: 31 | Avg Speed: 21.9 km/h | Queue: 7 | LOS: C (Fair Flow)
2026-09-10 12:34:23,631 [INFO] surakshanet.sumo_bridge: [Step 20] Vehicles: 44 | Avg Speed: 18.2 km/h | Queue: 17 | LOS: C (Fair Flow)
2026-09-10 12:34:23,919 [INFO] surakshanet.sumo_bridge: [Step 25] Vehicles: 54 | Avg Speed: 18.7 km/h | Queue: 23 | LOS: C (Fair Flow)
2026-09-10 12:34:24,206 [INFO] surakshanet.sumo_bridge: [Step 30] Vehicles: 64 | Avg Speed: 16.5 km/h | Queue: 34 | LOS: D (Approaching Capacity)
2026-09-10 12:34:24,496 [INFO] surakshanet.sumo_bridge: [Step 35] Vehicles: 74 | Avg Speed: 15.1 km/h | Queue: 44 | LOS: D (Approaching Capacity)
2026-09-10 12:34:24,788 [INFO] surakshanet.sumo_bridge: [Step 40] Vehicles: 87 | Avg Speed: 15.1 km/h | Queue: 50 | LOS: D (Approaching Capacity)
2026-09-10 12:34:25,080 [INFO] surakshanet.sumo_bridge: [Step 45] Vehicles: 98 | Avg Speed: 13.5 km/h | Queue: 58 | LOS: D (Approaching Capacity)
2026-09-10 12:34:25,373 [INFO] surakshanet.sumo_bridge: [Step 50] Vehicles: 106 | Avg Speed: 16.0 km/h | Queue: 45 | LOS: D (Approaching Capacity)
2026-09-10 12:34:25,669 [INFO] surakshanet.sumo_bridge: [Step 55] Vehicles: 115 | Avg Speed: 22.9 km/h | Queue: 35 | LOS: C (Fair Flow)
2026-09-10 12:34:25,967 [INFO] surakshanet.sumo_bridge: [Step 60] Vehicles: 109 | Avg Speed: 25.1 km/h | Queue: 28 | LOS: C (Fair Flow)
2026-09-10 12:34:26,264 [INFO] surakshanet.sumo_bridge: [Step 65] Vehicles: 97 | Avg Speed: 23.0 km/h | Queue: 36 | LOS: C (Fair Flow)
2026-09-10 12:34:26,558 [INFO] surakshanet.sumo_bridge: [Step 70] Vehicles: 92 | Avg Speed: 18.7 km/h | Queue: 42 | LOS: C (Fair Flow)
2026-09-10 12:34:26,855 [INFO] surakshanet.sumo_bridge: [Step 75] Vehicles: 82 | Avg Speed: 14.6 km/h | Queue: 48 | LOS: D (Approaching Capacity)
2026-09-10 12:34:27,152 [INFO] surakshanet.sumo_bridge: [Step 80] Vehicles: 80 | Avg Speed: 11.7 km/h | Queue: 52 | LOS: F (Forced Breakdown)
2026-09-10 12:34:27,448 [INFO] surakshanet.sumo_bridge: [Step 85] Vehicles: 87 | Avg Speed: 12.2 km/h | Queue: 55 | LOS: D (Approaching Capacity)
2026-09-10 12:34:27,743 [INFO] surakshanet.sumo_bridge: [Step 90] Vehicles: 95 | Avg Speed: 11.1 km/h | Queue: 63 | LOS: F (Forced Breakdown)
2026-09-10 12:34:28,044 [INFO] surakshanet.sumo_bridge: [Step 95] Vehicles: 102 | Avg Speed: 14.5 km/h | Queue: 40 | LOS: D (Approaching Capacity)
2026-09-10 12:34:28,340 [INFO] surakshanet.sumo_bridge: [Step 100] Vehicles: 109 | Avg Speed: 20.4 km/h | Queue: 38 | LOS: C (Fair Flow)
2026-09-10 12:34:28,639 [INFO] surakshanet.sumo_bridge: [Step 105] Vehicles: 118 | Avg Speed: 24.5 km/h | Queue: 34 | LOS: C (Fair Flow)
2026-09-10 12:34:28,939 [INFO] surakshanet.sumo_bridge: [Step 110] Vehicles: 129 | Avg Speed: 25.0 km/h | Queue: 43 | LOS: C (Fair Flow)
2026-09-10 12:34:29,242 [INFO] surakshanet.sumo_bridge: [Step 115] Vehicles: 141 | Avg Speed: 24.2 km/h | Queue: 55 | LOS: C (Fair Flow)
2026-09-10 12:34:54,574 [INFO] surakshanet.sumo_bridge: Initialized robust redis-py client connecting to 127.0.0.1:6379
2026-09-10 12:34:54,574 [INFO] surakshanet.sumo_bridge: Starting SUMO with command: sumo -c /home/alok/surakshanet/simulation/networks/corridor.sumocfg --start --quit-on-end --delay 50 --step-length 1.0 --seed 42 --random false
2026-09-10 12:34:55,623 [INFO] surakshanet.sumo_bridge: ✅ Connected to SUMO TraCI! Live telemetry bridge running...
2026-09-10 12:34:55,624 [INFO] surakshanet.sumo_bridge: Connecting to Redis command bus at 127.0.0.1:6379...
2026-09-10 12:34:55,624 [INFO] surakshanet.sumo_bridge: ✅ Redis Command Bus: Subscribed to emergency_events & signal_events
2026-09-10 12:34:55,850 [INFO] surakshanet.sumo_bridge: [Step 5] Vehicles: 13 | Avg Speed: 13.5 km/h | Queue: 4 | LOS: D (Approaching Capacity)
2026-09-10 12:34:56,129 [INFO] surakshanet.sumo_bridge: [Step 10] Vehicles: 22 | Avg Speed: 24.1 km/h | Queue: 3 | LOS: C (Fair Flow)
2026-09-10 12:34:56,408 [INFO] surakshanet.sumo_bridge: [Step 15] Vehicles: 31 | Avg Speed: 21.9 km/h | Queue: 7 | LOS: C (Fair Flow)
2026-09-10 12:34:56,703 [INFO] surakshanet.sumo_bridge: [Step 20] Vehicles: 44 | Avg Speed: 18.2 km/h | Queue: 17 | LOS: C (Fair Flow)
2026-09-10 12:34:56,987 [INFO] surakshanet.sumo_bridge: [Step 25] Vehicles: 54 | Avg Speed: 18.7 km/h | Queue: 23 | LOS: C (Fair Flow)
2026-09-10 12:34:57,276 [INFO] surakshanet.sumo_bridge: [Step 30] Vehicles: 64 | Avg Speed: 16.5 km/h | Queue: 34 | LOS: D (Approaching Capacity)
2026-09-10 12:34:57,567 [INFO] surakshanet.sumo_bridge: [Step 35] Vehicles: 74 | Avg Speed: 15.1 km/h | Queue: 44 | LOS: D (Approaching Capacity)
2026-09-10 12:34:57,860 [INFO] surakshanet.sumo_bridge: [Step 40] Vehicles: 87 | Avg Speed: 15.1 km/h | Queue: 50 | LOS: D (Approaching Capacity)
2026-09-10 12:34:58,153 [INFO] surakshanet.sumo_bridge: [Step 45] Vehicles: 98 | Avg Speed: 13.5 km/h | Queue: 58 | LOS: D (Approaching Capacity)
2026-09-10 12:34:58,449 [INFO] surakshanet.sumo_bridge: [Step 50] Vehicles: 106 | Avg Speed: 16.0 km/h | Queue: 45 | LOS: D (Approaching Capacity)
2026-09-10 12:34:58,747 [INFO] surakshanet.sumo_bridge: [Step 55] Vehicles: 115 | Avg Speed: 22.9 km/h | Queue: 35 | LOS: C (Fair Flow)
2026-09-10 12:34:59,045 [INFO] surakshanet.sumo_bridge: [Step 60] Vehicles: 109 | Avg Speed: 25.1 km/h | Queue: 28 | LOS: C (Fair Flow)
2026-09-10 12:34:59,342 [INFO] surakshanet.sumo_bridge: [Step 65] Vehicles: 97 | Avg Speed: 23.0 km/h | Queue: 36 | LOS: C (Fair Flow)
2026-09-10 12:34:59,638 [INFO] surakshanet.sumo_bridge: [Step 70] Vehicles: 92 | Avg Speed: 18.7 km/h | Queue: 42 | LOS: C (Fair Flow)
2026-09-10 12:34:59,940 [INFO] surakshanet.sumo_bridge: [Step 75] Vehicles: 82 | Avg Speed: 14.6 km/h | Queue: 48 | LOS: D (Approaching Capacity)
2026-09-10 12:35:00,237 [INFO] surakshanet.sumo_bridge: [Step 80] Vehicles: 80 | Avg Speed: 11.7 km/h | Queue: 52 | LOS: F (Forced Breakdown)
2026-09-10 12:35:00,529 [INFO] surakshanet.sumo_bridge: [Step 85] Vehicles: 87 | Avg Speed: 12.2 km/h | Queue: 55 | LOS: D (Approaching Capacity)
2026-09-10 12:35:00,823 [INFO] surakshanet.sumo_bridge: [Step 90] Vehicles: 95 | Avg Speed: 11.1 km/h | Queue: 63 | LOS: F (Forced Breakdown)
2026-09-10 12:35:01,120 [INFO] surakshanet.sumo_bridge: [Step 95] Vehicles: 102 | Avg Speed: 14.5 km/h | Queue: 40 | LOS: D (Approaching Capacity)
2026-09-10 12:35:01,418 [INFO] surakshanet.sumo_bridge: [Step 100] Vehicles: 109 | Avg Speed: 20.4 km/h | Queue: 38 | LOS: C (Fair Flow)
2026-09-10 12:35:01,719 [INFO] surakshanet.sumo_bridge: [Step 105] Vehicles: 118 | Avg Speed: 24.5 km/h | Queue: 34 | LOS: C (Fair Flow)
2026-09-10 12:35:02,021 [INFO] surakshanet.sumo_bridge: [Step 110] Vehicles: 129 | Avg Speed: 25.0 km/h | Queue: 43 | LOS: C (Fair Flow)
2026-09-10 12:35:02,327 [INFO] surakshanet.sumo_bridge: [Step 115] Vehicles: 141 | Avg Speed: 24.2 km/h | Queue: 55 | LOS: C (Fair Flow)
2026-09-10 12:35:26,975 [INFO] surakshanet.sumo_bridge: Initialized robust redis-py client connecting to 127.0.0.1:6379
2026-09-10 12:35:26,975 [INFO] surakshanet.sumo_bridge: Starting SUMO with command: sumo -c /home/alok/surakshanet/simulation/networks/corridor.sumocfg --start --quit-on-end --delay 50 --step-length 1.0 --seed 42 --random false
2026-09-10 12:35:28,024 [INFO] surakshanet.sumo_bridge: ✅ Connected to SUMO TraCI! Live telemetry bridge running...
2026-09-10 12:35:28,024 [INFO] surakshanet.sumo_bridge: Connecting to Redis command bus at 127.0.0.1:6379...
2026-09-10 12:35:28,025 [INFO] surakshanet.sumo_bridge: ✅ Redis Command Bus: Subscribed to emergency_events & signal_events
2026-09-10 12:35:28,252 [INFO] surakshanet.sumo_bridge: [Step 5] Vehicles: 13 | Avg Speed: 13.5 km/h | Queue: 4 | LOS: D (Approaching Capacity)
2026-09-10 12:35:28,532 [INFO] surakshanet.sumo_bridge: [Step 10] Vehicles: 22 | Avg Speed: 24.1 km/h | Queue: 3 | LOS: C (Fair Flow)
2026-09-10 12:35:28,812 [INFO] surakshanet.sumo_bridge: [Step 15] Vehicles: 31 | Avg Speed: 21.9 km/h | Queue: 7 | LOS: C (Fair Flow)
2026-09-10 12:35:29,103 [INFO] surakshanet.sumo_bridge: [Step 20] Vehicles: 44 | Avg Speed: 18.2 km/h | Queue: 17 | LOS: C (Fair Flow)
2026-09-10 12:35:29,389 [INFO] surakshanet.sumo_bridge: [Step 25] Vehicles: 54 | Avg Speed: 18.7 km/h | Queue: 23 | LOS: C (Fair Flow)
2026-09-10 12:35:29,675 [INFO] surakshanet.sumo_bridge: [Step 30] Vehicles: 64 | Avg Speed: 16.5 km/h | Queue: 34 | LOS: D (Approaching Capacity)
2026-09-10 12:35:29,963 [INFO] surakshanet.sumo_bridge: [Step 35] Vehicles: 74 | Avg Speed: 15.1 km/h | Queue: 44 | LOS: D (Approaching Capacity)
2026-09-10 12:35:30,254 [INFO] surakshanet.sumo_bridge: [Step 40] Vehicles: 87 | Avg Speed: 15.1 km/h | Queue: 50 | LOS: D (Approaching Capacity)
2026-09-10 12:35:30,548 [INFO] surakshanet.sumo_bridge: [Step 45] Vehicles: 98 | Avg Speed: 13.5 km/h | Queue: 58 | LOS: D (Approaching Capacity)
2026-09-10 12:35:30,845 [INFO] surakshanet.sumo_bridge: [Step 50] Vehicles: 106 | Avg Speed: 16.0 km/h | Queue: 45 | LOS: D (Approaching Capacity)
2026-09-10 12:35:31,145 [INFO] surakshanet.sumo_bridge: [Step 55] Vehicles: 115 | Avg Speed: 22.9 km/h | Queue: 35 | LOS: C (Fair Flow)
2026-09-10 12:35:31,444 [INFO] surakshanet.sumo_bridge: [Step 60] Vehicles: 109 | Avg Speed: 25.1 km/h | Queue: 28 | LOS: C (Fair Flow)
2026-09-10 12:35:31,740 [INFO] surakshanet.sumo_bridge: [Step 65] Vehicles: 97 | Avg Speed: 23.0 km/h | Queue: 36 | LOS: C (Fair Flow)
2026-09-10 12:35:32,036 [INFO] surakshanet.sumo_bridge: [Step 70] Vehicles: 92 | Avg Speed: 18.7 km/h | Queue: 42 | LOS: C (Fair Flow)
2026-09-10 12:35:32,329 [INFO] surakshanet.sumo_bridge: [Step 75] Vehicles: 82 | Avg Speed: 14.6 km/h | Queue: 48 | LOS: D (Approaching Capacity)
2026-09-10 12:35:32,625 [INFO] surakshanet.sumo_bridge: [Step 80] Vehicles: 80 | Avg Speed: 11.7 km/h | Queue: 52 | LOS: F (Forced Breakdown)
2026-09-10 12:35:32,921 [INFO] surakshanet.sumo_bridge: [Step 85] Vehicles: 87 | Avg Speed: 12.2 km/h | Queue: 55 | LOS: D (Approaching Capacity)
2026-09-10 12:35:33,215 [INFO] surakshanet.sumo_bridge: [Step 90] Vehicles: 95 | Avg Speed: 11.1 km/h | Queue: 63 | LOS: F (Forced Breakdown)
2026-09-10 12:35:33,511 [INFO] surakshanet.sumo_bridge: [Step 95] Vehicles: 102 | Avg Speed: 14.5 km/h | Queue: 40 | LOS: D (Approaching Capacity)
2026-09-10 12:35:33,809 [INFO] surakshanet.sumo_bridge: [Step 100] Vehicles: 109 | Avg Speed: 20.4 km/h | Queue: 38 | LOS: C (Fair Flow)
2026-09-10 12:35:34,109 [INFO] surakshanet.sumo_bridge: [Step 105] Vehicles: 118 | Avg Speed: 24.5 km/h | Queue: 34 | LOS: C (Fair Flow)
2026-09-10 12:35:34,409 [INFO] surakshanet.sumo_bridge: [Step 110] Vehicles: 129 | Avg Speed: 25.0 km/h | Queue: 43 | LOS: C (Fair Flow)
2026-09-10 12:35:34,713 [INFO] surakshanet.sumo_bridge: [Step 115] Vehicles: 141 | Avg Speed: 24.2 km/h | Queue: 55 | LOS: C (Fair Flow)
2026-09-10 12:35:53,322 [INFO] surakshanet.sumo_bridge: Initialized robust redis-py client connecting to 127.0.0.1:6379
2026-09-10 12:35:53,323 [INFO] surakshanet.sumo_bridge: Starting SUMO with command: sumo -c /home/alok/surakshanet/simulation/networks/corridor.sumocfg --start --quit-on-end --delay 50 --step-length 1.0 --seed 42 --random false
2026-09-10 12:35:54,370 [INFO] surakshanet.sumo_bridge: ✅ Connected to SUMO TraCI! Live telemetry bridge running...
2026-09-10 12:35:54,371 [INFO] surakshanet.sumo_bridge: Connecting to Redis command bus at 127.0.0.1:6379...
2026-09-10 12:35:54,371 [INFO] surakshanet.sumo_bridge: ✅ Redis Command Bus: Subscribed to emergency_events & signal_events
2026-09-10 12:35:54,598 [INFO] surakshanet.sumo_bridge: [Step 5] Vehicles: 13 | Avg Speed: 13.5 km/h | Queue: 4 | LOS: D (Approaching Capacity)
2026-09-10 12:35:54,874 [INFO] surakshanet.sumo_bridge: [Step 10] Vehicles: 22 | Avg Speed: 24.1 km/h | Queue: 3 | LOS: C (Fair Flow)
2026-09-10 12:35:55,154 [INFO] surakshanet.sumo_bridge: [Step 15] Vehicles: 31 | Avg Speed: 21.9 km/h | Queue: 7 | LOS: C (Fair Flow)
2026-09-10 12:35:55,481 [INFO] surakshanet.sumo_bridge: [Step 20] Vehicles: 44 | Avg Speed: 18.2 km/h | Queue: 17 | LOS: C (Fair Flow)
2026-09-10 12:35:55,767 [INFO] surakshanet.sumo_bridge: [Step 25] Vehicles: 54 | Avg Speed: 18.7 km/h | Queue: 23 | LOS: C (Fair Flow)
2026-09-10 12:35:56,053 [INFO] surakshanet.sumo_bridge: [Step 30] Vehicles: 64 | Avg Speed: 16.5 km/h | Queue: 34 | LOS: D (Approaching Capacity)
2026-09-10 12:35:56,343 [INFO] surakshanet.sumo_bridge: [Step 35] Vehicles: 74 | Avg Speed: 15.1 km/h | Queue: 44 | LOS: D (Approaching Capacity)
2026-09-10 12:35:56,635 [INFO] surakshanet.sumo_bridge: [Step 40] Vehicles: 87 | Avg Speed: 15.1 km/h | Queue: 50 | LOS: D (Approaching Capacity)
2026-09-10 12:35:56,929 [INFO] surakshanet.sumo_bridge: [Step 45] Vehicles: 98 | Avg Speed: 13.5 km/h | Queue: 58 | LOS: D (Approaching Capacity)
2026-09-10 12:35:57,227 [INFO] surakshanet.sumo_bridge: [Step 50] Vehicles: 106 | Avg Speed: 16.0 km/h | Queue: 45 | LOS: D (Approaching Capacity)
2026-09-10 12:35:57,523 [INFO] surakshanet.sumo_bridge: [Step 55] Vehicles: 115 | Avg Speed: 22.9 km/h | Queue: 35 | LOS: C (Fair Flow)
2026-09-10 12:35:57,822 [INFO] surakshanet.sumo_bridge: [Step 60] Vehicles: 109 | Avg Speed: 25.1 km/h | Queue: 28 | LOS: C (Fair Flow)
2026-09-10 12:35:58,118 [INFO] surakshanet.sumo_bridge: [Step 65] Vehicles: 97 | Avg Speed: 23.0 km/h | Queue: 36 | LOS: C (Fair Flow)
2026-09-10 12:35:58,417 [INFO] surakshanet.sumo_bridge: [Step 70] Vehicles: 92 | Avg Speed: 18.7 km/h | Queue: 42 | LOS: C (Fair Flow)
2026-09-10 12:35:58,713 [INFO] surakshanet.sumo_bridge: [Step 75] Vehicles: 82 | Avg Speed: 14.6 km/h | Queue: 48 | LOS: D (Approaching Capacity)
2026-09-10 12:35:59,007 [INFO] surakshanet.sumo_bridge: [Step 80] Vehicles: 80 | Avg Speed: 11.7 km/h | Queue: 52 | LOS: F (Forced Breakdown)
2026-09-10 12:35:59,299 [INFO] surakshanet.sumo_bridge: [Step 85] Vehicles: 87 | Avg Speed: 12.2 km/h | Queue: 55 | LOS: D (Approaching Capacity)
2026-09-10 12:35:59,592 [INFO] surakshanet.sumo_bridge: [Step 90] Vehicles: 95 | Avg Speed: 11.1 km/h | Queue: 63 | LOS: F (Forced Breakdown)
2026-09-10 12:35:59,887 [INFO] surakshanet.sumo_bridge: [Step 95] Vehicles: 102 | Avg Speed: 14.5 km/h | Queue: 40 | LOS: D (Approaching Capacity)
2026-09-10 12:36:00,186 [INFO] surakshanet.sumo_bridge: [Step 100] Vehicles: 109 | Avg Speed: 20.4 km/h | Queue: 38 | LOS: C (Fair Flow)
2026-09-10 12:36:00,489 [INFO] surakshanet.sumo_bridge: [Step 105] Vehicles: 118 | Avg Speed: 24.5 km/h | Queue: 34 | LOS: C (Fair Flow)
2026-09-10 12:36:00,790 [INFO] surakshanet.sumo_bridge: [Step 110] Vehicles: 129 | Avg Speed: 25.0 km/h | Queue: 43 | LOS: C (Fair Flow)
2026-09-10 12:36:01,093 [INFO] surakshanet.sumo_bridge: [Step 115] Vehicles: 141 | Avg Speed: 24.2 km/h | Queue: 55 | LOS: C (Fair Flow)
2026-09-10 12:36:43,300 [INFO] surakshanet.sumo_bridge: Initialized robust redis-py client connecting to 127.0.0.1:6379
2026-09-10 12:36:43,300 [INFO] surakshanet.sumo_bridge: Starting SUMO with command: sumo -c /home/alok/surakshanet/simulation/networks/corridor.sumocfg --start --quit-on-end --delay 50 --step-length 1.0 --seed 42 --random false
2026-09-10 12:36:44,353 [INFO] surakshanet.sumo_bridge: ✅ Connected to SUMO TraCI! Live telemetry bridge running...
2026-09-10 12:36:44,353 [INFO] surakshanet.sumo_bridge: Connecting to Redis command bus at 127.0.0.1:6379...
2026-09-10 12:36:44,354 [INFO] surakshanet.sumo_bridge: ✅ Redis Command Bus: Subscribed to emergency_events & signal_events
2026-09-10 12:36:44,579 [INFO] surakshanet.sumo_bridge: [Step 5] Vehicles: 13 | Avg Speed: 13.5 km/h | Queue: 4 | LOS: D (Approaching Capacity)
2026-09-10 12:36:44,857 [INFO] surakshanet.sumo_bridge: [Step 10] Vehicles: 22 | Avg Speed: 24.1 km/h | Queue: 3 | LOS: C (Fair Flow)
2026-09-10 12:36:45,136 [INFO] surakshanet.sumo_bridge: [Step 15] Vehicles: 31 | Avg Speed: 21.9 km/h | Queue: 7 | LOS: C (Fair Flow)
2026-09-10 12:36:45,433 [INFO] surakshanet.sumo_bridge: [Step 20] Vehicles: 44 | Avg Speed: 18.2 km/h | Queue: 17 | LOS: C (Fair Flow)
2026-09-10 12:36:45,720 [INFO] surakshanet.sumo_bridge: [Step 25] Vehicles: 54 | Avg Speed: 18.7 km/h | Queue: 23 | LOS: C (Fair Flow)
2026-09-10 12:36:46,006 [INFO] surakshanet.sumo_bridge: [Step 30] Vehicles: 64 | Avg Speed: 16.5 km/h | Queue: 34 | LOS: D (Approaching Capacity)
2026-09-10 12:36:46,296 [INFO] surakshanet.sumo_bridge: [Step 35] Vehicles: 74 | Avg Speed: 15.1 km/h | Queue: 44 | LOS: D (Approaching Capacity)
2026-09-10 12:36:46,592 [INFO] surakshanet.sumo_bridge: [Step 40] Vehicles: 87 | Avg Speed: 15.1 km/h | Queue: 50 | LOS: D (Approaching Capacity)
2026-09-10 12:36:46,887 [INFO] surakshanet.sumo_bridge: [Step 45] Vehicles: 98 | Avg Speed: 13.5 km/h | Queue: 58 | LOS: D (Approaching Capacity)
2026-09-10 12:36:47,184 [INFO] surakshanet.sumo_bridge: [Step 50] Vehicles: 106 | Avg Speed: 16.0 km/h | Queue: 45 | LOS: D (Approaching Capacity)
2026-09-10 12:36:47,488 [INFO] surakshanet.sumo_bridge: [Step 55] Vehicles: 115 | Avg Speed: 22.9 km/h | Queue: 35 | LOS: C (Fair Flow)
2026-09-10 12:36:47,790 [INFO] surakshanet.sumo_bridge: [Step 60] Vehicles: 109 | Avg Speed: 25.1 km/h | Queue: 28 | LOS: C (Fair Flow)
2026-09-10 12:36:48,092 [INFO] surakshanet.sumo_bridge: [Step 65] Vehicles: 97 | Avg Speed: 23.0 km/h | Queue: 36 | LOS: C (Fair Flow)
2026-09-10 12:36:48,385 [INFO] surakshanet.sumo_bridge: [Step 70] Vehicles: 92 | Avg Speed: 18.7 km/h | Queue: 42 | LOS: C (Fair Flow)
2026-09-10 12:36:48,678 [INFO] surakshanet.sumo_bridge: [Step 75] Vehicles: 82 | Avg Speed: 14.6 km/h | Queue: 48 | LOS: D (Approaching Capacity)
2026-09-10 12:36:48,972 [INFO] surakshanet.sumo_bridge: [Step 80] Vehicles: 80 | Avg Speed: 11.7 km/h | Queue: 52 | LOS: F (Forced Breakdown)
2026-09-10 12:36:49,265 [INFO] surakshanet.sumo_bridge: [Step 85] Vehicles: 87 | Avg Speed: 12.2 km/h | Queue: 55 | LOS: D (Approaching Capacity)
2026-09-10 12:36:49,559 [INFO] surakshanet.sumo_bridge: [Step 90] Vehicles: 95 | Avg Speed: 11.1 km/h | Queue: 63 | LOS: F (Forced Breakdown)
2026-09-10 12:36:49,858 [INFO] surakshanet.sumo_bridge: [Step 95] Vehicles: 102 | Avg Speed: 14.5 km/h | Queue: 40 | LOS: D (Approaching Capacity)
2026-09-10 12:36:50,156 [INFO] surakshanet.sumo_bridge: [Step 100] Vehicles: 109 | Avg Speed: 20.4 km/h | Queue: 38 | LOS: C (Fair Flow)
2026-09-10 12:36:50,454 [INFO] surakshanet.sumo_bridge: [Step 105] Vehicles: 118 | Avg Speed: 24.5 km/h | Queue: 34 | LOS: C (Fair Flow)
2026-09-10 12:36:50,756 [INFO] surakshanet.sumo_bridge: [Step 110] Vehicles: 129 | Avg Speed: 25.0 km/h | Queue: 43 | LOS: C (Fair Flow)
2026-09-10 12:36:51,061 [INFO] surakshanet.sumo_bridge: [Step 115] Vehicles: 141 | Avg Speed: 24.2 km/h | Queue: 55 | LOS: C (Fair Flow)
